// Jest Snapshot v1, https://goo.gl/fbAQLP

exports[`snapshot testing matches component tree snapshot 1`] = `
<View
  accessibilityRole="summary"
  style={
    {
      "borderRadius": 8,
      "padding": 12,
    }
  }
>
  <Text
    style={
      {
        "color": "#333",
        "fontSize": 14,
      }
    }
  >
    Snapshot me
  </Text>
  <View
    accessibilityRole="button"
    accessibilityState={
      {
        "busy": undefined,
        "checked": undefined,
        "disabled": undefined,
        "expanded": undefined,
        "selected": undefined,
      }
    }
    accessibilityValue={
      {
        "max": undefined,
        "min": undefined,
        "now": undefined,
        "text": undefined,
      }
    }
    accessible={true}
    collapsable={false}
    focusable={true}
    onBlur={[Function]}
    onClick={[Function]}
    onFocus={[Function]}
    onResponderGrant={[Function]}
    onResponderMove={[Function]}
    onResponderRelease={[Function]}
    onResponderTerminate={[Function]}
    onResponderTerminationRequest={[Function]}
    onStartShouldSetResponder={[Function]}
  >
    <Text>
      Tap
    </Text>
  </View>
</View>
`;
